=========================================
Testing Product Service API
Server: https://maqha-be-product-service-production.up.railway.app
=========================================

[1;33mTest 1: GET /ping[0m
curl -X GET "https://maqha-be-product-service-production.up.railway.app/ping"
  % Total    % Received % Xferd  Average Speed   Time    Time     Time  Current
                                 Dload  Upload   Total   Spent    Left  Speed
  0     0    0     0    0     0      0      0 --:--:-- --:--:-- --:--:--     0100     5  100     5    0     0      6      0 --:--:-- --:--:-- --:--:--     6
Pong!

[1;33mTest 2: GET /product (Get All Products)[0m
curl -X GET "https://maqha-be-product-service-production.up.railway.app/product" -H "Token: test-token-12345"
  % Total    % Received % Xferd  Average Speed   Time    Time     Time  Current
                                 Dload  Upload   Total   Spent    Left  Speed
  0     0    0     0    0     0      0      0 --:--:-- --:--:-- --:--:--     0  0     0    0     0    0     0      0      0 --:--:-- --:--:-- --:--:--     0100  2422    0  2422    0     0   3295      0 --:--:-- --:--:-- --:--:--  3290
{
  "code": 0,
  "message": "Success",
  "data": [
    {
      "id": 1,
      "clientId": 3,
      "name": "Coffee",
      "isActive": true,
      "createdAt": "2026-02-24T06:30:02.80459Z",
      "products": [
        {
          "id": 1,
          "categoryId": 1,
          "name": "Espresso",
          "description": "Strong Italian coffee",
          "image": "https://images.unsplash.com/photo-1510591509098-f4fdc6d0ff04",
          "price": 25000,
          "isActive": true,
          "createdAt": "2026-02-24T06:30:02.80459Z"
        },
        {
          "id": 2,
          "categoryId": 1,
          "name": "Cappuccino",
          "description": "Espresso with steamed milk foam",
          "image": "https://images.unsplash.com/photo-1572442388796-11668a67e53d",
          "price": 35000,
          "isActive": true,
          "createdAt": "2026-02-24T06:30:02.80459Z"
        },
        {
          "id": 3,
          "categoryId": 1,
          "name": "Latte",
          "description": "Espresso with steamed milk",
          "image": "https://images.unsplash.com/photo-1461023058943-07fcbe16d735",
          "price": 38000,
          "isActive": true,
          "createdAt": "2026-02-24T06:30:02.80459Z"
        },
        {
          "id": 4,
          "categoryId": 1,
          "name": "Americano",
          "description": "Espresso with hot water",
          "image": "https://images.unsplash.com/photo-1514432324607-a09d9b4aefdd",
          "price": 28000,
          "isActive": true,
          "createdAt": "2026-02-24T06:30:02.80459Z"
        }
      ]
    },
    {
      "id": 2,
      "clientId": 3,
      "name": "Snacks",
      "isActive": true,
      "createdAt": "2026-02-24T06:30:02.80459Z",
      "products": [
        {
          "id": 5,
          "categoryId": 2,
          "name": "Croissant",
          "description": "French butter croissant",
          "image": "https://images.unsplash.com/photo-1555507036-ab1f4038808a",
          "price": 22000,
          "isActive": true,
          "createdAt": "2026-02-24T06:30:02.80459Z"
        },
        {
          "id": 6,
          "categoryId": 2,
          "name": "Chocolate Chip Cookie",
          "description": "Homemade chocolate chip cookie",
          "image": "https://images.unsplash.com/photo-1499636136210-6f4ee915583e",
          "price": 15000,
          "isActive": true,
          "createdAt": "2026-02-24T06:30:02.80459Z"
        },
        {
          "id": 7,
          "categoryId": 2,
          "name": "Sandwich",
          "description": "Club sandwich with fries",
          "image": "https://images.unsplash.com/photo-1528735602780-2552fd46c7af",
          "price": 45000,
          "isActive": true,
          "createdAt": "2026-02-24T06:30:02.80459Z"
        }
      ]
    },
    {
      "id": 3,
      "clientId": 3,
      "name": "Desserts",
      "isActive": true,
      "createdAt": "2026-02-24T06:30:02.80459Z",
      "products": [
        {
          "id": 8,
          "categoryId": 3,
          "name": "Tiramisu",
          "description": "Italian coffee-flavored dessert",
          "image": "https://images.unsplash.com/photo-1571877227200-a0d98ea607e9",
          "price": 42000,
          "isActive": true,
          "createdAt": "2026-02-24T06:30:02.80459Z"
        },
        {
          "id": 9,
          "categoryId": 3,
          "name": "Cheesecake",
          "description": "New York style cheesecake",
          "image": "https://images.unsplash.com/photo-1533134242443-d4db0c78c93a",
          "price": 38000,
          "isActive": true,
          "createdAt": "2026-02-24T06:30:02.80459Z"
        }
      ]
    }
  ]
}


[1;33mTest 3: POST /category (Add Category) - Using Admin Token[0m
Payload: {
  "category": "Beverages"
}
Token: coffeeshop-admin-token-123
  % Total    % Received % Xferd  Average Speed   Time    Time     Time  Current
                                 Dload  Upload   Total   Spent    Left  Speed
  0     0    0     0    0     0      0      0 --:--:-- --:--:-- --:--:--     0100    68  100    39  100    29     54     40 --:--:-- --:--:-- --:--:--    94100    68  100    39  100    29     54     40 --:--:-- --:--:-- --:--:--    94
{
  "code": 202,
  "message": "Invalid Token"
}


[1;33mTest 4: POST /category (Add Another Category) - Using Admin Token[0m
Payload: {
  "category": "Pastries"
}
Token: coffeeshop-admin-token-123
  % Total    % Received % Xferd  Average Speed   Time    Time     Time  Current
                                 Dload  Upload   Total   Spent    Left  Speed
  0     0    0     0    0     0      0      0 --:--:-- --:--:-- --:--:--     0  0     0    0     0    0     0      0      0 --:--:-- --:--:-- --:--:--     0  0     0    0     0    0     0      0      0 --:--:--  0:00:01 --:--:--     0  0     0    0     0    0     0      0      0 --:--:--  0:00:02 --:--:--     0  0     0    0     0    0     0      0      0 --:--:--  0:00:03 --:--:--     0  0     0    0     0    0     0      0      0 --:--:--  0:00:04 --:--:--     0  0     0    0     0    0     0      0      0 --:--:--  0:00:05 --:--:--     0  0     0    0     0    0     0      0      0 --:--:--  0:00:06 --:--:--     0  0     0    0     0    0     0      0      0 --:--:--  0:00:07 --:--:--     0100    67  100    39  100    28      4      3  0:00:09  0:00:08  0:00:01    14
{
  "code": 202,
  "message": "Invalid Token"
}


[1;33mTest 5: POST /product (Add Product) - Using Admin Token[0m
Payload: {
  "category_id": 1,
  "name": "Iced Coffee",
  "description": "Cold brewed coffee served with ice",
  "image": "iVBORw0KGgoAAAANSUhEUgAAAAEAAAABCAYAAAAfFcSJAAAADUlEQVR42mNk+M9QDwADhgGAWjR9awAAAABJRU5ErkJggg==",
  "price": 30000.00
}
Token: coffeeshop-admin-token-123
  % Total    % Received % Xferd  Average Speed   Time    Time     Time  Current
                                 Dload  Upload   Total   Spent    Left  Speed
  0     0    0     0    0     0      0      0 --:--:-- --:--:-- --:--:--     0100   234    0     0  100   234      0    801 --:--:-- --:--:-- --:--:--   798100   273  100    39  100   234     51    308 --:--:-- --:--:-- --:--:--   359
{
  "code": 202,
  "message": "Invalid Token"
}


[1;33mTest 6: PUT /category/{categoryID} (Edit Category) - Using Admin Token[0m
Payload: {
  "category": "Premium Coffee"
}
Token: coffeeshop-admin-token-123
Note: This will fail with 404 - route registration bug in main.go
  % Total    % Received % Xferd  Average Speed   Time    Time     Time  Current
                                 Dload  Upload   Total   Spent    Left  Speed
  0     0    0     0    0     0      0      0 --:--:-- --:--:-- --:--:--     0100    53  100    19  100    34     32     58 --:--:-- --:--:-- --:--:--    91100    53  100    19  100    34     32     58 --:--:-- --:--:-- --:--:--    91
parse error: Invalid numeric literal at line 1, column 9
404


[1;33mTest 7: PUT /product/{productID} (Edit Product) - Using Admin Token[0m
Payload: {
  "category_id": 1,
  "name": "Double Espresso",
  "description": "Extra strong Italian coffee - double shot",
  "image": "iVBORw0KGgoAAAANSUhEUgAAAAEAAAABCAYAAAAfFcSJAAAADUlEQVR42mNk+M9QDwADhgGAWjR9awAAAABJRU5ErkJggg==",
  "price": 32000.00
}
Token: coffeeshop-admin-token-123
Note: This will fail with 404 - route registration bug in main.go
  % Total    % Received % Xferd  Average Speed   Time    Time     Time  Current
                                 Dload  Upload   Total   Spent    Left  Speed
  0     0    0     0    0     0      0      0 --:--:-- --:--:-- --:--:--     0100   264  100    19  100   245     51    665 --:--:-- --:--:-- --:--:--   717
parse error: Invalid numeric literal at line 1, column 9
404


[1;33mTest 8: GET /product (Get All Products After Changes)[0m
  % Total    % Received % Xferd  Average Speed   Time    Time     Time  Current
                                 Dload  Upload   Total   Spent    Left  Speed
  0     0    0     0    0     0      0      0 --:--:-- --:--:-- --:--:--     0100  2422    0  2422    0     0   3242      0 --:--:-- --:--:-- --:--:--  3237100  2422    0  2422    0     0   3233      0 --:--:-- --:--:-- --:--:--  3229
{
  "code": 0,
  "message": "Success",
  "data": [
    {
      "id": 1,
      "clientId": 3,
      "name": "Coffee",
      "isActive": true,
      "createdAt": "2026-02-24T06:30:02.80459Z",
      "products": [
        {
          "id": 1,
          "categoryId": 1,
          "name": "Espresso",
          "description": "Strong Italian coffee",
          "image": "https://images.unsplash.com/photo-1510591509098-f4fdc6d0ff04",
          "price": 25000,
          "isActive": true,
          "createdAt": "2026-02-24T06:30:02.80459Z"
        },
        {
          "id": 2,
          "categoryId": 1,
          "name": "Cappuccino",
          "description": "Espresso with steamed milk foam",
          "image": "https://images.unsplash.com/photo-1572442388796-11668a67e53d",
          "price": 35000,
          "isActive": true,
          "createdAt": "2026-02-24T06:30:02.80459Z"
        },
        {
          "id": 3,
          "categoryId": 1,
          "name": "Latte",
          "description": "Espresso with steamed milk",
          "image": "https://images.unsplash.com/photo-1461023058943-07fcbe16d735",
          "price": 38000,
          "isActive": true,
          "createdAt": "2026-02-24T06:30:02.80459Z"
        },
        {
          "id": 4,
          "categoryId": 1,
          "name": "Americano",
          "description": "Espresso with hot water",
          "image": "https://images.unsplash.com/photo-1514432324607-a09d9b4aefdd",
          "price": 28000,
          "isActive": true,
          "createdAt": "2026-02-24T06:30:02.80459Z"
        }
      ]
    },
    {
      "id": 2,
      "clientId": 3,
      "name": "Snacks",
      "isActive": true,
      "createdAt": "2026-02-24T06:30:02.80459Z",
      "products": [
        {
          "id": 5,
          "categoryId": 2,
          "name": "Croissant",
          "description": "French butter croissant",
          "image": "https://images.unsplash.com/photo-1555507036-ab1f4038808a",
          "price": 22000,
          "isActive": true,
          "createdAt": "2026-02-24T06:30:02.80459Z"
        },
        {
          "id": 6,
          "categoryId": 2,
          "name": "Chocolate Chip Cookie",
          "description": "Homemade chocolate chip cookie",
          "image": "https://images.unsplash.com/photo-1499636136210-6f4ee915583e",
          "price": 15000,
          "isActive": true,
          "createdAt": "2026-02-24T06:30:02.80459Z"
        },
        {
          "id": 7,
          "categoryId": 2,
          "name": "Sandwich",
          "description": "Club sandwich with fries",
          "image": "https://images.unsplash.com/photo-1528735602780-2552fd46c7af",
          "price": 45000,
          "isActive": true,
          "createdAt": "2026-02-24T06:30:02.80459Z"
        }
      ]
    },
    {
      "id": 3,
      "clientId": 3,
      "name": "Desserts",
      "isActive": true,
      "createdAt": "2026-02-24T06:30:02.80459Z",
      "products": [
        {
          "id": 8,
          "categoryId": 3,
          "name": "Tiramisu",
          "description": "Italian coffee-flavored dessert",
          "image": "https://images.unsplash.com/photo-1571877227200-a0d98ea607e9",
          "price": 42000,
          "isActive": true,
          "createdAt": "2026-02-24T06:30:02.80459Z"
        },
        {
          "id": 9,
          "categoryId": 3,
          "name": "Cheesecake",
          "description": "New York style cheesecake",
          "image": "https://images.unsplash.com/photo-1533134242443-d4db0c78c93a",
          "price": 38000,
          "isActive": true,
          "createdAt": "2026-02-24T06:30:02.80459Z"
        }
      ]
    }
  ]
}


[1;33mTest 9: GET /product (Without Token - Should Fail)[0m
  % Total    % Received % Xferd  Average Speed   Time    Time     Time  Current
                                 Dload  Upload   Total   Spent    Left  Speed
  0     0    0     0    0     0      0      0 --:--:-- --:--:-- --:--:--     0100    39  100    39    0     0     54      0 --:--:-- --:--:-- --:--:--    54
{"code":202,"message":"Invalid Token"}


[1;33mTest 10: GET /product (Invalid Token - Should Fail)[0m
  % Total    % Received % Xferd  Average Speed   Time    Time     Time  Current
                                 Dload  Upload   Total   Spent    Left  Speed
  0     0    0     0    0     0      0      0 --:--:-- --:--:-- --:--:--     0  0     0    0     0    0     0      0      0 --:--:-- --:--:-- --:--:--     0100    51  100    51    0     0     69      0 --:--:-- --:--:-- --:--:--    69
{"code":202,"message":"Invalid Token","data":null}


[1;33mTest 11: DELETE /product/{productID} (Deactivate Product) - Using Admin Token[0m
Token: coffeeshop-admin-token-123
Note: This will fail with 404 - route registration bug in main.go
  % Total    % Received % Xferd  Average Speed   Time    Time     Time  Current
                                 Dload  Upload   Total   Spent    Left  Speed
  0     0    0     0    0     0      0      0 --:--:-- --:--:-- --:--:--     0  0     0    0     0    0     0      0      0 --:--:-- --:--:-- --:--:--     0100    19  100    19    0     0     19      0  0:00:01 --:--:--  0:00:01    19
parse error: Invalid numeric literal at line 1, column 9
404


[1;33mTest 12: DELETE /category/{categoryID} (Deactivate Category) - Using Admin Token[0m
Token: coffeeshop-admin-token-123
Note: This will fail with 404 - route registration bug in main.go
  % Total    % Received % Xferd  Average Speed   Time    Time     Time  Current
                                 Dload  Upload   Total   Spent    Left  Speed
  0     0    0     0    0     0      0      0 --:--:-- --:--:-- --:--:--     0  0    19    0     0    0     0      0      0 --:--:-- --:--:-- --:--:--     0100    19  100    19    0     0     56      0 --:--:-- --:--:-- --:--:--    55
parse error: Invalid numeric literal at line 1, column 9
404


[1;33mTest 13: GET /product (Verify Deactivated Items)[0m
  % Total    % Received % Xferd  Average Speed   Time    Time     Time  Current
                                 Dload  Upload   Total   Spent    Left  Speed
  0     0    0     0    0     0      0      0 --:--:-- --:--:-- --:--:--     0100  2422    0  2422    0     0   3317      0 --:--:-- --:--:-- --:--:--  3317
{
  "code": 0,
  "message": "Success",
  "data": [
    {
      "id": 1,
      "clientId": 3,
      "name": "Coffee",
      "isActive": true,
      "createdAt": "2026-02-24T06:30:02.80459Z",
      "products": [
        {
          "id": 1,
          "categoryId": 1,
          "name": "Espresso",
          "description": "Strong Italian coffee",
          "image": "https://images.unsplash.com/photo-1510591509098-f4fdc6d0ff04",
          "price": 25000,
          "isActive": true,
          "createdAt": "2026-02-24T06:30:02.80459Z"
        },
        {
          "id": 2,
          "categoryId": 1,
          "name": "Cappuccino",
          "description": "Espresso with steamed milk foam",
          "image": "https://images.unsplash.com/photo-1572442388796-11668a67e53d",
          "price": 35000,
          "isActive": true,
          "createdAt": "2026-02-24T06:30:02.80459Z"
        },
        {
          "id": 3,
          "categoryId": 1,
          "name": "Latte",
          "description": "Espresso with steamed milk",
          "image": "https://images.unsplash.com/photo-1461023058943-07fcbe16d735",
          "price": 38000,
          "isActive": true,
          "createdAt": "2026-02-24T06:30:02.80459Z"
        },
        {
          "id": 4,
          "categoryId": 1,
          "name": "Americano",
          "description": "Espresso with hot water",
          "image": "https://images.unsplash.com/photo-1514432324607-a09d9b4aefdd",
          "price": 28000,
          "isActive": true,
          "createdAt": "2026-02-24T06:30:02.80459Z"
        }
      ]
    },
    {
      "id": 2,
      "clientId": 3,
      "name": "Snacks",
      "isActive": true,
      "createdAt": "2026-02-24T06:30:02.80459Z",
      "products": [
        {
          "id": 5,
          "categoryId": 2,
          "name": "Croissant",
          "description": "French butter croissant",
          "image": "https://images.unsplash.com/photo-1555507036-ab1f4038808a",
          "price": 22000,
          "isActive": true,
          "createdAt": "2026-02-24T06:30:02.80459Z"
        },
        {
          "id": 6,
          "categoryId": 2,
          "name": "Chocolate Chip Cookie",
          "description": "Homemade chocolate chip cookie",
          "image": "https://images.unsplash.com/photo-1499636136210-6f4ee915583e",
          "price": 15000,
          "isActive": true,
          "createdAt": "2026-02-24T06:30:02.80459Z"
        },
        {
          "id": 7,
          "categoryId": 2,
          "name": "Sandwich",
          "description": "Club sandwich with fries",
          "image": "https://images.unsplash.com/photo-1528735602780-2552fd46c7af",
          "price": 45000,
          "isActive": true,
          "createdAt": "2026-02-24T06:30:02.80459Z"
        }
      ]
    },
    {
      "id": 3,
      "clientId": 3,
      "name": "Desserts",
      "isActive": true,
      "createdAt": "2026-02-24T06:30:02.80459Z",
      "products": [
        {
          "id": 8,
          "categoryId": 3,
          "name": "Tiramisu",
          "description": "Italian coffee-flavored dessert",
          "image": "https://images.unsplash.com/photo-1571877227200-a0d98ea607e9",
          "price": 42000,
          "isActive": true,
          "createdAt": "2026-02-24T06:30:02.80459Z"
        },
        {
          "id": 9,
          "categoryId": 3,
          "name": "Cheesecake",
          "description": "New York style cheesecake",
          "image": "https://images.unsplash.com/photo-1533134242443-d4db0c78c93a",
          "price": 38000,
          "isActive": true,
          "createdAt": "2026-02-24T06:30:02.80459Z"
        }
      ]
    }
  ]
}


=========================================
All tests completed!
=========================================
